// Jest Snapshot v1, https://goo.gl/fbAQLP

exports[`should render jsx correctly 1`] = `<AppRouter />`;
