// Jest Snapshot v1, https://goo.gl/fbAQLP

exports[`should render PublicRoute correctly for authorised user 1`] = `
<Route
  component={[Function]}
/>
`;

exports[`should render PublicRoute correctly for unauthorised user 1`] = `
<Route
  component={[Function]}
/>
`;
