// Jest Snapshot v1, https://goo.gl/fbAQLP

exports[`should render Loader correctly 1`] = `
<div
  className="loader"
>
  <img
    alt="Loading..."
    className="loader__image"
    src="test-file-stub"
  />
</div>
`;
